Cron ran at 2026-01-03 22:00:32
Cron ran at 2026-01-03 22:13:47
Cron ran at 2026-01-03 22:27:43
Cron ran at 2026-01-03 22:42:27
Cron ran at 2026-01-03 22:47:23
Cron ran at 2026-01-03 23:22:15
Cron ran at 2026-01-03 23:24:04
Cron ran at 2026-01-03 23:24:08
Cron ran at 2026-01-03 23:29:45
Cron ran at 2026-01-03 23:34:49
----- Cron run at 2026-01-03 23:38:20 -----
From github.com:hunrayy/cicd_portfolio
 * branch            master     -> FETCH_HEAD
   ce2ea78..b1688a4  master     -> origin/master
error: cannot rebase: You have unstaged changes.
error: Please commit or stash them.
To github.com:hunrayy/cicd_portfolio.git
 ! [rejected]        master -> master (non-fast-forward)
error: failed to push some refs to 'github.com:hunrayy/cicd_portfolio.git'
hint: Updates were rejected because the tip of your current branch is behind
hint: its remote counterpart. If you want to integrate the remote changes,
hint: use 'git pull' before pushing again.
hint: See the 'Note about fast-forwards' in 'git push --help' for details.
From github.com:hunrayy/cicd_portfolio
 * branch            master     -> FETCH_HEAD
error: cannot rebase: You have unstaged changes.
error: Please commit or stash them.
To github.com:hunrayy/cicd_portfolio.git
 ! [rejected]        master -> master (non-fast-forward)
error: failed to push some refs to 'github.com:hunrayy/cicd_portfolio.git'
hint: Updates were rejected because the tip of your current branch is behind
hint: its remote counterpart. If you want to integrate the remote changes,
hint: use 'git pull' before pushing again.
hint: See the 'Note about fast-forwards' in 'git push --help' for details.
